ERC report (2026-09-07T23:32:01, Encoding UTF8)
Report includes: Errors, Warnings, Exclusions

***** Sheet /
[lib_symbol_issues]: The current configuration does not include the symbol library ''
    ; warning
    @(41.91 mm, 52.07 mm): Symbol J1 [Conn_01x02]
[lib_symbol_issues]: The current configuration does not include the symbol library ''
    ; warning
    @(81.28 mm, 52.07 mm): Symbol SW1 [SW_Push]
[lib_symbol_issues]: The current configuration does not include the symbol library ''
    ; warning
    @(102.87 mm, 93.98 mm): Symbol #PWR02 [GND]
[lib_symbol_issues]: The current configuration does not include the symbol library ''
    ; warning
    @(102.87 mm, 96.52 mm): Symbol #FLG01 [PWR_FLAG]
[lib_symbol_issues]: The current configuration does not include the symbol library ''
    ; warning
    @(115.57 mm, 73.66 mm): Symbol U2 [TP4056_Module]
[lib_symbol_issues]: The current configuration does not include the symbol library ''
    ; warning
    @(115.57 mm, 95.25 mm): Symbol U3 [MT3608_Module]
[lib_symbol_issues]: The current configuration does not include the symbol library ''
    ; warning
    @(128.27 mm, 93.98 mm): Symbol #PWR03 [GND]
[lib_symbol_issues]: The current configuration does not include the symbol library ''
    ; warning
    @(128.27 mm, 93.98 mm): Symbol #FLG02 [PWR_FLAG]
[lib_symbol_issues]: The current configuration does not include the symbol library ''
    ; warning
    @(129.54 mm, 74.93 mm): Symbol #PWR01 [GND]
[lib_symbol_issues]: The current configuration does not include the symbol library ''
    ; warning
    @(135.89 mm, 96.52 mm): Symbol #PWR10 [+5V]
[lib_symbol_issues]: The current configuration does not include the symbol library ''
    ; warning
    @(160.02 mm, 46.99 mm): Symbol #PWR11 [+5V]
[lib_symbol_issues]: The current configuration does not include the symbol library ''
    ; warning
    @(160.02 mm, 52.07 mm): Symbol C1 [C]
[lib_symbol_issues]: The current configuration does not include the symbol library ''
    ; warning
    @(160.02 mm, 57.15 mm): Symbol #PWR04 [GND]
[endpoint_off_grid]: Symbol pin or wire end off connection grid
    ; warning
    @(181.69 mm, 52.07 mm): Symbol U1 Pin 8 [5V, Power input, Line]
[endpoint_off_grid]: Symbol pin or wire end off connection grid
    ; warning
    @(181.69 mm, 52.07 mm): Symbol #PWR12 Pin 1 [1, Power input, Line]
[lib_symbol_issues]: The current configuration does not include the symbol library ''
    ; warning
    @(181.69 mm, 52.07 mm): Symbol #PWR12 [+5V]
[endpoint_off_grid]: Symbol pin or wire end off connection grid
    ; warning
    @(181.69 mm, 54.61 mm): Symbol #PWR05 Pin 1 [1, Power input, Line]
[lib_symbol_issues]: The current configuration does not include the symbol library ''
    ; warning
    @(181.69 mm, 54.61 mm): Symbol #PWR05 [GND]
[endpoint_off_grid]: Symbol pin or wire end off connection grid
    ; warning
    @(181.69 mm, 57.15 mm): Symbol #PWR13 Pin 1 [1, Power input, Line]
[lib_symbol_issues]: The current configuration does not include the symbol library ''
    ; warning
    @(181.69 mm, 57.15 mm): Symbol #PWR13 [+3V3]
[endpoint_off_grid]: Symbol pin or wire end off connection grid
    ; warning
    @(181.69 mm, 59.69 mm): Horizontal Wire, length 15.24 mm
[lib_symbol_issues]: The current configuration does not include the symbol library ''
    ; warning
    @(196.85 mm, 60.96 mm): Symbol U1 [ESP32C3_SuperMini]
[endpoint_off_grid]: Symbol pin or wire end off connection grid
    ; warning
    @(228.60 mm, 59.69 mm): Horizontal Wire, length 31.67 mm
[endpoint_off_grid]: Symbol pin or wire end off connection grid
    ; warning
    @(212.01 mm, 52.07 mm): Horizontal Wire, length 15.24 mm
[endpoint_off_grid]: Symbol pin or wire end off connection grid
    ; warning
    @(212.01 mm, 54.61 mm): Horizontal Wire, length 15.24 mm
[endpoint_off_grid]: Symbol pin or wire end off connection grid
    ; warning
    @(212.01 mm, 57.15 mm): Horizontal Wire, length 15.24 mm
[endpoint_off_grid]: Symbol pin or wire end off connection grid
    ; warning
    @(243.84 mm, 52.07 mm): Horizontal Wire, length 16.59 mm
[lib_symbol_issues]: The current configuration does not include the symbol library ''
    ; warning
    @(228.60 mm, 30.48 mm): Symbol #PWR14 [+3V3]
[lib_symbol_issues]: The current configuration does not include the symbol library ''
    ; warning
    @(228.60 mm, 35.56 mm): Symbol R1 [R]
[lib_symbol_issues]: The current configuration does not include the symbol library ''
    ; warning
    @(228.60 mm, 109.22 mm): Symbol R3 [R]
[lib_symbol_issues]: The current configuration does not include the symbol library ''
    ; warning
    @(228.60 mm, 119.38 mm): Symbol #PWR09 [GND]
[lib_symbol_issues]: The current configuration does not include the symbol library ''
    ; warning
    @(228.60 mm, 124.46 mm): Symbol D1 [LED]
[lib_symbol_issues]: The current configuration does not include the symbol library ''
    ; warning
    @(243.84 mm, 30.48 mm): Symbol #PWR15 [+3V3]
[lib_symbol_issues]: The current configuration does not include the symbol library ''
    ; warning
    @(243.84 mm, 35.56 mm): Symbol R2 [R]
[lib_symbol_issues]: The current configuration does not include the symbol library ''
    ; warning
    @(250.19 mm, 52.07 mm): Symbol #PWR16 [+3V3]
[lib_symbol_issues]: The current configuration does not include the symbol library ''
    ; warning
    @(250.19 mm, 54.61 mm): Symbol #PWR07 [GND]
[lib_symbol_issues]: The current configuration does not include the symbol library ''
    ; warning
    @(250.19 mm, 67.31 mm): Symbol #PWR06 [GND]
[lib_symbol_issues]: The current configuration does not include the symbol library ''
    ; warning
    @(250.19 mm, 90.17 mm): Symbol #PWR08 [GND]
[lib_symbol_issues]: The current configuration does not include the symbol library ''
    ; warning
    @(257.81 mm, 60.96 mm): Symbol J2 [Conn_01x08]
[lib_symbol_issues]: The current configuration does not include the symbol library ''
    ; warning
    @(257.81 mm, 88.90 mm): Symbol J3 [Conn_01x02]

 ** ERC messages: 40  Errors 0  Warnings 40

 ** Ignored checks:
    - Global label only appears once in the schematic
    - Four connection points are joined together
    - SPICE model issue
    - Assigned footprint doesn't match footprint filters
